C:\ST\STM32CubeIDE_1.13.2\STM32CubeIDE\plugins\com.st.stm32cube.ide.mcu.externaltools.gnu-tools-for-stm32.11.3.rel1.win32_1.1.100.202309141235\tools\arm-none-eabi\include\c++\11.3.1\arm-none-eabi\thumb\v7e-m+fp\hard\bits\gthr-default.h:229:1:int __gthread_key_delete(__gthread_key_t)	16	static
../Core/Src/main.cpp:86:11:uint16_t Shifter::GetPosition()	24	static
../Core/Src/main.cpp:96:7:void Shifter::Calibrate()	16	static
../Core/Src/main.cpp:100:7:void Shifter::TryRecalibrate()	16	static
../Core/Src/main.cpp:112:7:void Gear::Reset()	16	static
../Core/Src/main.cpp:122:7:void Gear::Get()	16	static
../Core/Src/main.cpp:161:7:void Gear::Set()	16	static
../Core/Src/main.cpp:190:7:void WaitFor::UpShift(Gear*, Shifter*)	24	static
../Core/Src/main.cpp:204:7:void WaitFor::DownShift(Gear*, Shifter*)	24	static
../Core/Src/main.cpp:225:5:int main()	24	static
../Core/Src/main.cpp:344:6:void SystemClock_Config()	88	static
../Core/Src/main.cpp:391:13:void MX_ADC1_Init()	24	static
../Core/Src/main.cpp:443:13:void MX_TIM3_Init()	32	static
../Core/Src/main.cpp:486:13:void MX_DMA_Init()	16	static
../Core/Src/main.cpp:504:13:void MX_GPIO_Init()	40	static
../Core/Src/main.cpp:559:6:void Error_Handler()	4	static,ignoring_inline_asm
../Core/Src/main.cpp:568:1:void __static_initialization_and_destruction_0(int, int)	16	static
../Core/Src/main.cpp:568:1:cpp)	8	static
../Core/Src/main.cpp:568:1:cpp)	8	static
